
d:\Desktop\developing\Student-Management-System>﻿@echo off 
'﻿@echo' �����ڲ����ⲿ���Ҳ���ǿ����еĳ���
���������ļ���

d:\Desktop\developing\Student-Management-System>rem 切换�?UTF-8 代码�? 避免中文输出乱码 

d:\Desktop\developing\Student-Management-System>chcp 65001  1>nul 2>&1 

d:\Desktop\developing\Student-Management-System>rem =========================================================================== 

d:\Desktop\developing\Student-Management-System>rem  Student Management System - Linux 版 RAR 打包 

d:\Desktop\developing\Student-Management-System>rem

d:\Desktop\developing\Student-Management-System>rem  真正的打包逻辑在 build.js（Node.js 跨平台脚本）。 

d:\Desktop\developing\Student-Management-System>� Windows 用户双击 / 在 cmd 中使用。 
'�' is not recognized as an internal or external command,
operable program or batch file.

d:\Desktop\developing\Student-Management-System>rem

d:\Desktop\developing\Student-Management-System>rem  只会产出 Linux 版 rar（含 启动.sh）。 

d:\Desktop\developing\Student-Management-System>��部.bat。
'��部.bat。' is not recognized as an internal or external command,
operable program or batch file.

d:\Desktop\developing\Student-Management-System>版请用 打包rar-win.bat。 
'版请用' is not recognized as an internal or external command,
operable program or batch file.

d:\Desktop\developing\Student-Management-System>rem

d:\Desktop\developing\Student-Management-System>rem  前置：Node.js 14+ 已安装并在 PATH 中 

d:\Desktop\developing\Student-Management-System>rem =========================================================================== 

d:\Desktop\developing\Student-Management-System>rem  把当前目录切换到脚本所在目录，避免相对路径出错 

d:\Desktop\developing\Student-Management-System>cd /d "d:\Desktop\developing\Student-Management-System\" 

d:\Desktop\developing\Student-Management-System>rem  固定只打 Linux 版 

d:\Desktop\developing\Student-Management-System>node "d:\Desktop\developing\Student-Management-System\build.js" linux 
=== Build RAR package(s): Student-Management-System v1.3.0  [target=linux] ===
[INFO] Using rar: C:\Program Files\WinRAR\WinRAR.exe

[BUILD] linux  ==>  d:\Desktop\developing\Student-Management-System\dist\Student-Management-System-1.3.0-linux.rar
   [1/4] Copying application files ...
   [2/4] Copying public/ ...
   [3/4] Generating 使用说明.txt ...
   [4/4] Creating RAR archive ...
   [OK]   d:\Desktop\developing\Student-Management-System\dist\Student-Management-System-1.3.0-linux.rar

=== Done ===
Output under: d:\Desktop\developing\Student-Management-System\dist

Install:
  Windows : 解压后双击 运行.bat
  Linux   : 解压后 chmod +x 启动.sh && ./启动.sh

d:\Desktop\developing\Student-Management-System>if errorlevel 1 (
echo. 
 echo [ERROR] Build failed. See messages above.  
 if "" == "" call :countdown 5  
 exit /b 1 
) 

d:\Desktop\developing\Student-Management-System>rem  成功提示 + 打开输出目录。 

d:\Desktop\developing\Student-Management-System>��不再倒计时 / 不再打开资源管理器（外层已经做）。 
'��不再倒计时' is not recognized as an internal or external command,
operable program or batch file.

d:\Desktop\developing\Student-Management-System>if "" == "" (
echo. 
 echo === Done. 输出目录: d:\Desktop\developing\Student-Management-System\dist ===  
 rem  start "" 返回值不可靠，但也不影响流程  
 start "" "d:\Desktop\developing\Student-Management-System\dist"  2>nul  
 call :countdown 5 
) 

=== Done. 输出目录: d:\Desktop\developing\Student-Management-System\dist ===
The system cannot find the batch label specified - countdown

d:\Desktop\developing\Student-Management-System>exit /b 0 
